// Jest Snapshot v1, https://goo.gl/fbAQLP

exports[`PlotlyChart Element Render iframe should render an iframe 1`] = `
<iframe
  src="http://url.test"
  style="width: 0px; height: 450px; color-scheme: light dark;"
  title="Plotly"
/>
`;
